// Jest Snapshot v1, https://goo.gl/fbAQLP

exports[`should render ExpenseList with empty messages 1`] = `
<div>
  <p>
     No Expenses
  </p>
</div>
`;

exports[`should render ExpenseList with expenses 1`] = `
<div>
  <ExpenseListItem
    amount={10100}
    createdAt={0}
    description="Rent"
    id="1"
    note="This is rent for Jan"
  />
  <ExpenseListItem
    amount={100}
    createdAt={-349200000}
    description="Coffee"
    id="2"
    note="This is rent for Jan"
  />
  <ExpenseListItem
    amount={10050}
    createdAt={345600000}
    description="Rent Dec"
    id="3"
    note="This is rent for Dec"
  />
</div>
`;
